18:22:48 **** Incremental Build of configuration Debug for project I2C Test ****
make -j12 all 
arm-none-eabi-size   I2C\ Test.elf 
   text	   data	    bss	    dec	    hex	filename
  23788	    120	   1824	  25732	   6484	I2C Test.elf
Finished building: default.size.stdout
 
18:25:44 **** Incremental Build of configuration Debug for project I2C Test ****
make -j12 all 
arm-none-eabi-size   I2C\ Test.elf 
   text	   data	    bss	    dec	    hex	filename
  23788	    120	   1824	  25732	   6484	I2C Test.elf
Finished building: default.size.stdout
 
